// Jest Snapshot v1, https://goo.gl/fbAQLP

exports[`one plus two adds up to three 1`] = `3`;
